----- Covered (355/1304[27.22%]) -----
* CParamType_wf
269 

* CParamTypes_wf
270 

* CParam_ok
893 894 

* Call_action_partial_ok
1205 

* Call_convention_arg_ok
987 990 

* Call_convention_ok
977 978 980 981 983 984 985 

* Call_default_action_ok
1250 1251 

* Call_ok
1012 1015 1018 1019 1020 1021 1026 1030 1040 
1048 1054 1058 1062 1063 1064 1069 1070 

* Call_site_ok
996 997 999 1001 1003 1004 1007 1008 1009 
1010 

* ConsDef_wf
282 284 287 288 290 291 293 

* ConsType_ok
1101 

* ConsType_wf
272 273 276 278 280 281 

* Decl_ok
896 899 900 902 903 904 906 907 913 
914 915 918 919 922 925 926 935 943 950 
952 958 960 963 964 965 966 968 970 972 
975 976 

* Expr_ok
762 763 764 766 768 769 771 772 773 
774 775 776 778 779 781 782 786 787 789 
791 795 796 799 806 807 812 815 818 819 
822 826 830 832 834 842 843 844 846 847 


* FuncDef_wf
263 265 

* FuncType_ok
1071 

* FuncType_wf
243 244 246 248 251 252 253 255 258 
259 

* Inst_ok
1113 1114 1115 1121 1122 1123 1124 1127 1128 
1129 

* Inst_site_ok
1102 

* Lval_ok
851 856 

* MethodType_ok
1072 1073 1076 1079 1084 1085 1086 1094 1100 


* Method_ok
1190 1194 1198 1200 

* ParamType_wf
232 234 235 238 

* ParamTypes_wf
239 

* Param_ok
885 887 888 889 

* Select_case_keyset_ok
1154 1155 1156 

* Stmt_ok
858 859 860 861 872 873 875 877 878 
879 880 881 882 

* Sub_expl
618 

* Sub_expl_canon
619 

* Sub_expl_canon_neq
621 623 624 626 627 629 630 632 633 
634 645 689 694 696 699 

* Sub_impl
700 

* Sub_impl_canon
701 

* Sub_impl_canon_neq
703 704 706 713 716 717 756 758 761 


* Switch_tbl_label_ok
1169 1170 1171 1172 

* Table_action_ok
1207 

* Table_custom_ok
1276 1282 

* Table_default_ok
1275 

* Table_entries_ok
1274 

* Table_entry_keyset_ok
1215 1224 1226 1227 1235 1237 1238 

* Table_entry_keysets_ok
1245 1246 1248 1249 

* Table_entry_priority_ok
1256 1257 1260 1264 1266 1267 1269 1272 

* TypeDef_wf
227 229 

* Type_alpha
27 28 33 35 38 42 52 53 57 
60 70 72 86 102 109 127 128 130 132 
134 136 

* Type_ok
611 612 615 

* Type_wf
175 179 187 189 192 195 200 202 213 
223 224 225 226 

* actions_of_table
587 588 

* add_funcdef_non_overload
534 535 

* add_styp
517 518 

* add_typdef
524 

* cast_int'
432 433 

* coerce_assign
1150 1151 

* coerce_binary
1144 1145 1147 

* filter_default_args
1284 

* filter_directionless_args
1253 

* find_consdef
570 

* find_func
499 500 501 503 

* find_func_by_name
508 

* find_funcdef
558 560 

* find_funcdef_by_name
564 566 

* find_funcs_by_name
505 

* find_matching_func
480 483 484 

* find_matching_funcs
492 

* find_styp
539 541 544 

* find_typdef
549 551 554 

* find_val
547 548 

* get_lpm_prefix'
574 575 579 

* is_trailing_action'
294 295 297 

* join_flow
513 

* joins_ctk
510 

* keys_of_table
583 584 

* merge_cstr'
1290 1293 1294 

* reduce_senum_unary
1133 1135 

* reduce_senums_binary
1137 1139 1142 

* resolve_cstrs
1300 1301 1302 

* specialize_consdef
21 

* specialize_funcdef
15 16 17 20 

* specialize_typdef
13 

* to_fid'
0 

* to_fkey
557 

* update_fdenv_extern
1186 

----- Uncovered (949/1304[72.78%]) -----
* Arg_ok
848 849 

* Block_ok
857 

* CParamType_wf
268 

* CParamTypes_wf
271 

* CParam_ok
890 891 892 895 

* Call_convention_arg_ok
986 988 989 

* Call_convention_ok
979 982 

* Call_ok
1011 1013 1014 1016 1017 1022 1023 1024 1025 
1027 1028 1029 1031 1032 1033 1034 1035 1036 1037 
1038 1039 1041 1042 1043 1044 1045 1046 1047 1049 
1050 1051 1052 1053 1055 1056 1057 1059 1060 1061 
1065 1066 1067 1068 

* Call_site_ok
991 992 993 994 995 998 1000 1002 1005 
1006 

* ConsDef_wf
283 285 286 289 292 

* ConsType_wf
274 275 277 279 

* Decl_ok
897 898 901 905 908 909 910 911 912 
916 917 920 921 923 924 927 928 929 930 
931 932 933 934 936 937 938 939 940 941 
942 944 945 946 947 948 949 951 953 954 
955 956 957 959 961 962 967 969 971 973 
974 

* Eval_static
591 592 593 594 595 596 597 598 599 
600 601 602 603 604 

* Expr_ok
765 767 770 777 780 783 784 785 788 
790 792 793 794 797 798 800 801 802 803 
804 805 808 809 810 811 813 814 816 817 
820 821 823 824 825 827 828 829 831 833 
835 836 837 838 839 840 841 845 

* FuncDef_alpha
168 169 170 171 172 173 

* FuncDef_wf
264 266 267 

* FuncType_alpha
137 138 139 140 141 142 143 144 145 
146 147 148 149 150 151 152 153 154 155 
156 157 158 159 160 161 162 163 164 165 
166 167 

* FuncType_wf
241 242 245 247 249 250 254 256 257 
260 261 262 

* Inst_init_decl_ok
1177 1178 1179 1180 1181 

* Inst_ok
1110 1111 1112 1116 1117 1118 1119 1120 1125 
1126 1130 1131 1132 

* Inst_site_ok
1103 1104 1105 1106 1107 1108 1109 

* Lval_ok
850 852 853 854 855 

* MethodType_ok
1074 1075 1077 1078 1080 1081 1082 1083 1087 
1088 1089 1090 1091 1092 1093 1095 1096 1097 1098 
1099 

* Method_ok
1191 1192 1193 1195 1196 1197 1199 

* ParamType_wf
233 236 237 

* ParamTypes_wf
240 

* Param_ok
884 886 

* ParserState_ok
1201 

* SEnum_field_ok
1188 

* Select_case_keyset_ok
1153 1157 

* Select_case_keysets_ok
1158 1159 1160 1161 

* Select_case_ok
1162 1163 1164 1165 

* Stmt_ok
862 863 864 865 866 867 868 869 870 
871 874 876 883 

* Sub_expl_canon_neq
620 622 625 628 631 635 636 637 638 
639 640 641 642 643 644 646 647 648 649 
650 651 652 653 654 655 656 657 658 659 
660 661 662 663 664 665 666 667 668 669 
670 671 672 673 674 675 676 677 678 679 
680 681 682 683 684 685 686 687 688 690 
691 692 693 695 697 698 

* Sub_impl_canon_neq
702 705 707 708 709 710 711 712 714 
715 718 719 720 721 722 723 724 725 726 
727 728 729 730 731 732 733 734 735 736 
737 738 739 740 741 742 743 744 745 746 
747 748 749 750 751 752 753 754 755 757 
759 760 

* Switch_gen_label_ok
1173 1174 1175 1176 

* Switch_tbl_label_ok
1166 1167 1168 

* Table_action_ok
1206 1208 

* Table_actions_ok
1209 

* Table_custom_ok
1277 1278 1279 1280 1281 

* Table_entry_action_ok
1255 

* Table_entry_keyset_ok
1210 1211 1212 1213 1214 1216 1217 1218 1219 
1220 1221 1222 1223 1225 1228 1229 1230 1231 1232 
1233 1234 1236 1239 1240 

* Table_entry_keysets_ok
1243 1244 1247 

* Table_entry_keysets_state_ok
1241 1242 

* Table_entry_priority_ok
1258 1259 1261 1262 1263 1265 1268 1270 1271 
1273 

* Table_key_ok
1202 1203 1204 

* Table_type_decl_ok
1283 

* TypeDef_wf
228 230 231 

* Type_alpha
29 30 31 32 34 36 37 39 40 
41 43 44 45 46 47 48 49 50 51 
54 55 56 58 59 61 62 63 64 65 
66 67 68 69 71 73 74 75 76 77 
78 79 80 81 82 83 84 85 87 88 
89 90 91 92 93 94 95 96 97 98 
99 100 101 103 104 105 106 107 108 110 
111 112 113 114 115 116 117 118 119 120 
121 122 123 124 125 126 129 131 133 135 


* Type_ok
605 606 607 608 609 610 613 614 616 
617 

* Type_wf
174 176 177 178 180 181 182 183 184 
185 186 188 190 191 193 194 196 197 198 
199 201 203 204 205 206 207 208 209 210 
211 212 214 215 216 217 218 219 220 221 
222 

* actions_of_table
589 590 

* add_consdef
537 538 

* add_funcdef
531 532 533 

* add_funcdef_non_overload
536 

* add_styp
519 520 

* add_styps
521 522 

* add_tparam
528 529 530 

* add_typdef
523 525 

* add_typdefs
526 527 

* align_params_with_args'
1285 

* bin_band
393 394 395 396 397 

* bin_bor
403 404 405 406 407 

* bin_bxor
398 399 400 401 402 

* bin_concat
408 409 410 

* bin_div
325 326 

* bin_eq
367 368 369 370 371 372 373 374 375 
376 377 378 379 380 381 382 383 384 385 
386 387 

* bin_eqs
388 389 

* bin_eqs_
390 391 392 

* bin_ge
349 350 351 352 353 354 

* bin_gt
361 362 363 364 365 366 

* bin_land
411 412 

* bin_le
343 344 345 346 347 348 

* bin_lor
413 414 

* bin_lt
355 356 357 358 359 360 

* bin_minus
313 314 315 316 317 318 

* bin_mod
327 328 

* bin_mul
319 320 321 322 323 324 

* bin_op
306 

* bin_plus
307 308 309 310 311 312 

* bin_shl
329 330 331 332 

* bin_shr
333 334 335 336 337 338 339 340 341 
342 

* bitacc_op
467 

* cast_bool'
427 428 429 430 431 

* cast_fbit'
443 444 445 446 447 448 

* cast_fint'
438 439 440 441 442 

* cast_header'
452 453 454 

* cast_int'
434 435 436 437 

* cast_op
415 

* cast_record'
457 458 459 460 

* cast_seq'
455 456 

* cast_set_mask'
463 464 

* cast_set_range'
465 466 

* cast_set_singleton'
461 462 

* cast_struct'
449 450 451 

* coerce_assign
1152 

* coerce_binary
1146 1148 1149 

* default'
416 417 418 419 420 421 422 423 424 
425 426 

* exit
515 

* filter_directionless_args
1252 1254 

* find_consdef
571 572 573 

* find_func
497 498 502 

* find_func_by_name
509 

* find_funcdef
559 561 562 563 

* find_funcdef_by_name
565 567 568 569 

* find_funcs_by_name
504 506 507 

* find_matching_func
481 482 485 486 487 488 489 490 

* find_matching_funcs
491 493 494 495 496 

* find_styp
540 542 543 545 546 

* find_typdef
550 552 553 555 556 

* free_typ
3 4 5 6 7 

* gen_cstr_fd'
1287 1288 

* gen_cstrs
1286 

* get_lpm_prefix'
576 577 578 580 581 

* get_num
2 

* get_params_missing_names
479 

* get_typ_ret_lkind
516 

* get_width'
24 25 26 

* is_trailing_action'
296 298 299 300 301 

* join_flow
514 

* joins_ctk
511 512 

* keys_of_table
585 586 

* merge_cstr
1289 

* merge_cstr'
1291 1292 1295 1296 1297 1298 1299 

* reduce_senum_unary
1134 1136 

* reduce_senums_binary
1138 1140 1141 1143 

* resolve_cstrs
1303 

* size
468 

* size_maxSizeInBits''
474 475 476 477 478 

* size_minSizeInBits''
469 470 471 472 473 

* specialize_consdef
22 23 

* specialize_funcdef
18 19 

* specialize_typdef
12 14 

* split_methods
1189 

* subst_funcdef
10 11 

* subst_typdef_poly
8 9 

* to_fid'
1 

* un_bnot
302 

* un_lnot
303 

* un_minus
305 

* un_plus
304 

* update_fdenv_extern
1182 1183 1184 1185 1187 

* update_state
582 

